10:55:04 **** Incremental Build of configuration Debug for project PSOC_Edge_Hachimitsu_Detector ****
"C:\\Infineon\\Tools\\ModusToolbox\\tools_3.7\\modus-shell\\bin\\make" CY_MAKE_IDE=eclipse CY_IDE_TOOLS_DIR=C:/Infineon/Tools/ModusToolbox/tools_3.7 CY_IDE_BT_TOOLS_DIR= -j16 all 
Searching installed tools in progress...
Searching installed tools complete
/usr/bin/make -C proj_cm33_s build_proj MTB_APPLICATION_SUBPROJECTS="proj_cm33_s proj_cm33_ns proj_cm55" MTB_APPLICATION_NAME="PSOC_Edge_Hachimitsu_Detector" MTB_APPLICATION_PROMOTE=true && /usr/bin/make -C proj_cm33_ns build_proj MTB_APPLICATION_SUBPROJECTS="proj_cm33_s proj_cm33_ns proj_cm55" MTB_APPLICATION_NAME="PSOC_Edge_Hachimitsu_Detector" MTB_APPLICATION_PROMOTE=true && /usr/bin/make -C proj_cm55 build_proj MTB_APPLICATION_SUBPROJECTS="proj_cm33_s proj_cm33_ns proj_cm55" MTB_APPLICATION_NAME="PSOC_Edge_Hachimitsu_Detector" MTB_APPLICATION_PROMOTE=true && true
make[1]: Entering directory '/cygdrive/d/mtw/PSOC_Edge_Hachimitsu_Detector/proj_cm33_s'
Use of the FPU on a secure project may be susceptible to an VLLDM Instruction Security Vulnerability (CVE-2021-35465). Verify the toolchain you are using already provides a workaround or use VFP_SELECT=softfloat instead of VFP_SELECT=. For more information see https://developer.arm.com/Arm%20Security%20Center/VLLDM%20Instruction%20Security%20Vulnerability
NOTE: Using 'C:/Infineon/Tools/ModusToolbox/tools_3.7/ninja/ninja.exe' from PATH.
Generating mtbninja data files...
Generating mtbninja data complete...
Toolchain validation: PASS
Initializing build: proj_cm33_s Debug APP_KIT_PSE84_EVAL_EPC2 GCC_ARM

Prebuild operations complete
# 0: Loading the application in directory 'D:/mtw/PSOC_Edge_Hachimitsu_Detector/proj_cm33_s'
# 0: Loading the ModusToolbox Technology Packs and Early Access Packs
# 0: Loading the tools information
ninja: no work to do.
==============================================================================
= Build complete =
==============================================================================

make[1]: Leaving directory '/cygdrive/d/mtw/PSOC_Edge_Hachimitsu_Detector/proj_cm33_s'
make[1]: Entering directory '/cygdrive/d/mtw/PSOC_Edge_Hachimitsu_Detector/proj_cm33_ns'
FW_FILE_PATH_NAME is: "../../mtb_shared/wifi-host-driver/release-v5.0.7/WHD/COMPONENT_WIFI6/resources/firmware/COMPONENT_55500/COMPONENT_SM/55500A1.trxcse"
UNAME_S is: CYGWIN_NT-10.0-26200
FW_FILE_SIZE is: 306688
The wifi resource path is: ../../mtb_shared/wifi-resources/release-v3.0.0
The MAC address is: 00:A0:50:76:ad:83
NVRAM_FILE_PATH_NAME is: "../../mtb_shared/wifi-resources/release-v3.0.0/nvram/COMPONENT_WIFI6/COMPONENT_55500/COMPONENT_CYW55513_MOD_PSE84_SOM/cyw55513modpse84som_rev3.txt"
CLM_FILE_PATH_NAME is: "../../mtb_shared/wifi-resources/release-v3.0.0/clm/COMPONENT_WIFI6/COMPONENT_55500/COMPONENT_CYW55513_MOD_PSE84_SOM/55500A1.clm_blob"
NOTE: Using 'C:/Infineon/Tools/ModusToolbox/tools_3.7/ninja/ninja.exe' from PATH.
Generating mtbninja data files...
Generating mtbninja data complete...
Toolchain validation: PASS
Initializing build: proj_cm33_ns Debug APP_KIT_PSE84_EVAL_EPC2 GCC_ARM

Prebuild operations complete
# 0: Loading the application in directory 'D:/mtw/PSOC_Edge_Hachimitsu_Detector/proj_cm33_ns'
# 0: Loading the ModusToolbox Technology Packs and Early Access Packs
# 0: Loading the tools information
ninja: no work to do.
==============================================================================
= Build complete =
==============================================================================

make[1]: Leaving directory '/cygdrive/d/mtw/PSOC_Edge_Hachimitsu_Detector/proj_cm33_ns'
make[1]: Entering directory '/cygdrive/d/mtw/PSOC_Edge_Hachimitsu_Detector/proj_cm55'
NOTE: Using 'C:/Infineon/Tools/ModusToolbox/tools_3.7/ninja/ninja.exe' from PATH.
Generating mtbninja data files...
Generating mtbninja data complete...
Toolchain validation: PASS
Initializing build: proj_cm55 Debug APP_KIT_PSE84_EVAL_EPC2 GCC_ARM

Prebuild operations complete
# 0: Loading the application in directory 'D:/mtw/PSOC_Edge_Hachimitsu_Detector/proj_cm55'
# 0: Loading the ModusToolbox Technology Packs and Early Access Packs
# 0: Loading the tools information
ninja: no work to do.
==============================================================================
= Build complete =
==============================================================================

make[1]: Leaving directory '/cygdrive/d/mtw/PSOC_Edge_Hachimitsu_Detector/proj_cm55'
/usr/bin/make -C proj_cm33_s application_postbuild MTB_APPLICATION_SUBPROJECTS="proj_cm33_s proj_cm33_ns proj_cm55"
make[1]: Entering directory '/cygdrive/d/mtw/PSOC_Edge_Hachimitsu_Detector/proj_cm33_s'
Use of the FPU on a secure project may be susceptible to an VLLDM Instruction Security Vulnerability (CVE-2021-35465). Verify the toolchain you are using already provides a workaround or use VFP_SELECT=softfloat instead of VFP_SELECT=. For more information see https://developer.arm.com/Arm%20Security%20Center/VLLDM%20Instruction%20Security%20Vulnerability
make[1]: Leaving directory '/cygdrive/d/mtw/PSOC_Edge_Hachimitsu_Detector/proj_cm33_s'

10:55:11 Build Finished. 0 errors, 0 warnings. (took 6s.688ms)

